// Jest Snapshot v1, https://goo.gl/fbAQLP

exports[`Alert action of Alert custom action 1`] = `
<div
  class="ant-alert ant-alert-success osui-alert"
  data-show="true"
  role="alert"
>
  <svg
    class="osui-icon ant-alert-icon osui-alert-successIcon"
    focusable="false"
    height="1024"
    viewBox="0 0 1024 1024"
    width="1024"
  >
    <path
      d="M960 512c0 247.445-200.63 448-448 448S64 759.445 64 512C64 264.63 264.63 64 512 64s448 200.63 448 448M798.574 375.843l-317.48 317.48.01.012-45.254 45.255-.011-.012-.01.012-45.255-45.256.01-.01-166.159-166.16 45.255-45.254 166.159 166.158 317.48-317.48 45.255 45.255z"
      fill="currentColor"
      fill-rule="evenodd"
    />
  </svg>
  <div
    class="ant-alert-content"
  >
    <div
      class="ant-alert-message"
    >
      Success Tips
    </div>
    <div
      class="ant-alert-description"
    />
  </div>
  <div
    class="ant-alert-action"
  >
    <button
      class="ant-btn ant-btn-text ant-btn-sm osui-button"
      type="button"
    >
      <span>
        UNDO
      </span>
    </button>
  </div>
  <button
    class="ant-alert-close-icon"
    tabindex="0"
    type="button"
  >
    <span
      class="ant-alert-close-text"
    >
      <svg
        class="osui-icon osui-alert-icon-cross"
        focusable="false"
        height="1024"
        viewBox="0 0 1024 1024"
        width="1024"
      >
        <path
          d="M829.077 150.255l45.255 45.255-316.784 316.783 316.784 316.784-45.255 45.255-316.784-316.784L195.51 874.332l-45.255-45.255 316.784-316.784L150.255 195.51l45.255-45.255 316.783 316.784 316.784-316.784z"
          fill="currentColor"
          fill-rule="evenodd"
          stroke="currentColor"
          stroke-width="64"
        />
      </svg>
    </span>
  </button>
</div>
`;

exports[`Alert could accept none react element icon 1`] = `
<Alert
  icon="icon"
  message="Success Tips"
  showIcon={true}
  type="success"
>
  <Alert
    className="osui-alert"
    closable={false}
    closeText={null}
    icon="icon"
    message="Success Tips"
    showIcon={true}
    type="success"
  >
    <CSSMotion
      motionAppear={false}
      motionEnter={false}
      motionName="ant-alert-motion"
      onLeaveStart={[Function]}
      visible={true}
    >
      <DomWrapper>
        <div
          className="ant-alert ant-alert-success osui-alert"
          data-show={true}
          role="alert"
          style={Object {}}
        >
          <span
            className="ant-alert-icon"
          >
            icon
          </span>
          <div
            className="ant-alert-content"
          >
            <div
              className="ant-alert-message"
            >
              Success Tips
            </div>
            <div
              className="ant-alert-description"
            />
          </div>
        </div>
      </DomWrapper>
    </CSSMotion>
  </Alert>
</Alert>
`;
