// Jest Snapshot v1, https://goo.gl/fbAQLP

exports[`Empty rtl render component should be rendered correctly in RTL direction 1`] = `
<div
  class="ant-empty ant-empty-rtl osui-empty"
>
  <div
    class="ant-empty-image"
  >
    <svg
      class="osui-empty-img"
      height="auto"
      version="1.1"
      viewBox="0 0 140 100"
      width="140"
      xlink="http://www.w3.org/1999/xlink"
      xmlns="http://www.w3.org/2000/svg"
    >
      <title>
        缺省页/无数据
      </title>
      <defs>
        <path
          d="M3.5,0 L66.5,0 C68.4329966,-3.55085719e-16 70,1.56700338 70,3.5 L70,66 L70,66 L0,66 L0,3.5 C-2.36723813e-16,1.56700338 1.56700338,3.55085719e-16 3.5,0 Z"
          id="path-1"
        />
        <mask
          fill="white"
          height="66"
          id="mask-2"
          maskContentUnits="userSpaceOnUse"
          maskUnits="objectBoundingBox"
          width="70"
          x="0"
          y="0"
        >
          <use
            href="#path-1"
          />
        </mask>
        <polygon
          id="path-3"
          points="0.1392 0.650064935 12.48 0.650064935 12.48 20.9847447 0.1392 20.9847447"
        />
      </defs>
      <g
        fill="none"
        fill-rule="evenodd"
        id="缺省页/无数据"
        stroke="none"
        stroke-width="1"
      >
        <g
          id="Group-24"
        >
          <g
            fill="#EBEBEB"
            id="Group-22-Copy"
            transform="translate(132.348469, 38.348469) rotate(-345.000000) translate(-132.348469, -38.348469) translate(126.348469, 32.348469)"
          >
            <rect
              height="12"
              id="Rectangle-20"
              width="2"
              x="5"
              y="0"
            />
            <rect
              height="12"
              id="Rectangle-20"
              transform="translate(6.000000, 6.000000) rotate(-270.000000) translate(-6.000000, -6.000000) "
              width="2"
              x="5"
              y="0"
            />
          </g>
          <path
            d="M109.753799,26.5 L139.5,65.170061 L139.5,99.5 L0.5,99.5 L0.5,65.170061 L30.2462007,26.5 L109.753799,26.5 Z"
            fill="#FFFFFF"
            id="Combined-Shape"
            stroke="#CCCCCC"
          />
          <rect
            fill="#F5F5F5"
            height="4"
            id="Rectangle-58-Copy-3"
            stroke="#CCCCCC"
            width="29"
            x="55.5"
            y="85.5"
          />
          <path
            d="M107.75,29.5 L134,64.5 L119.5,64.5 L119.5,75.5 L20.5,75.5 L20.5,64.5 L6,64.5 L32.25,29.5 L107.75,29.5 Z"
            fill="#F5F5F5"
            id="Combined-Shape"
            stroke="#CCCCCC"
          />
          <g
            fill="#DDDDDD"
            id="Group-22-Copy-2"
            transform="translate(24.500000, 54.000000) rotate(48.000000) translate(-24.500000, -54.000000) translate(20.000000, 50.000000)"
          >
            <rect
              height="8"
              id="Rectangle-20"
              width="1"
              x="4"
              y="0"
            />
            <rect
              height="8"
              id="Rectangle-20"
              transform="translate(4.500000, 4.000000) rotate(-270.000000) translate(-4.500000, -4.000000) "
              width="1"
              x="4"
              y="0"
            />
          </g>
          <g
            id="Group-23"
            transform="translate(35.000000, 0.000000)"
          >
            <use
              fill="#FFFFFF"
              fill-opacity="0.8"
              href="#path-1"
              id="Rectangle-15"
              mask="url(#mask-2)"
              stroke="#CCCCCC"
              stroke-dasharray="2"
              stroke-width="2"
            />
            <g
              id="Group-9"
              transform="translate(35.000000, 22.000000)"
            >
              <g
                id="Group-5"
                transform="translate(0.000000, 0.344828)"
              >
                <mask
                  fill="white"
                  id="mask-4"
                >
                  <use
                    href="#path-3"
                  />
                </mask>
                <g
                  id="Clip-4"
                />
              </g>
            </g>
          </g>
          <path
            d="M125.663457,13.9307792 L125.420634,15.0503328 C125.163112,16.2376597 125.163112,17.4663961 125.420634,18.653723 L125.420634,18.653723 L125.663457,19.7732766 L124.707172,19.5556247 C123.465469,19.273011 122.176133,19.273011 120.93443,19.5556247 L120.93443,19.5556247 L119.978145,19.7732766 L120.220968,18.653723 C120.47849,17.4663961 120.47849,16.2376597 120.220968,15.0503328 L120.220968,15.0503328 L119.978145,13.9307792 L120.93443,14.1484312 C122.176133,14.4310448 123.465469,14.4310448 124.707172,14.1484312 L124.707172,14.1484312 L125.663457,13.9307792 Z"
            fill="#F5F5F5"
            id="Star"
            stroke="#CCCCCC"
            transform="translate(122.820801, 16.852028) rotate(-257.000000) translate(-122.820801, -16.852028) "
          />
          <path
            d="M23.6278897,2.37743716 L23.2224729,4.24664331 C22.9649506,5.43397018 22.9649506,6.66270663 23.2224729,7.85003351 L23.2224729,7.85003351 L23.6278897,9.71923966 L21.9398013,9.33502801 C20.6980983,9.05241437 19.4087618,9.05241437 18.1670587,9.33502801 L18.1670587,9.33502801 L16.4789704,9.71923966 L16.8843871,7.85003351 C17.1419094,6.66270663 17.1419094,5.43397018 16.8843871,4.24664331 L16.8843871,4.24664331 L16.4789704,2.37743716 L18.1670587,2.76164881 C19.4087618,3.04426245 20.6980983,3.04426245 21.9398013,2.76164881 L21.9398013,2.76164881 L23.6278897,2.37743716 Z"
            fill="#F5F5F5"
            id="Star-Copy"
            stroke="#CCCCCC"
            transform="translate(20.053430, 6.048338) rotate(-227.000000) translate(-20.053430, -6.048338) "
          />
        </g>
      </g>
    </svg>
  </div>
  <div
    class="ant-empty-description"
  >
    No Data
  </div>
</div>
`;

exports[`Empty should render in RTL direction 1`] = `
<div
  class="ant-empty ant-empty-rtl osui-empty"
>
  <div
    class="ant-empty-image"
  >
    <svg
      class="osui-empty-img"
      height="auto"
      version="1.1"
      viewBox="0 0 140 100"
      width="140"
      xlink="http://www.w3.org/1999/xlink"
      xmlns="http://www.w3.org/2000/svg"
    >
      <title>
        缺省页/无数据
      </title>
      <defs>
        <path
          d="M3.5,0 L66.5,0 C68.4329966,-3.55085719e-16 70,1.56700338 70,3.5 L70,66 L70,66 L0,66 L0,3.5 C-2.36723813e-16,1.56700338 1.56700338,3.55085719e-16 3.5,0 Z"
          id="path-1"
        />
        <mask
          fill="white"
          height="66"
          id="mask-2"
          maskContentUnits="userSpaceOnUse"
          maskUnits="objectBoundingBox"
          width="70"
          x="0"
          y="0"
        >
          <use
            href="#path-1"
          />
        </mask>
        <polygon
          id="path-3"
          points="0.1392 0.650064935 12.48 0.650064935 12.48 20.9847447 0.1392 20.9847447"
        />
      </defs>
      <g
        fill="none"
        fill-rule="evenodd"
        id="缺省页/无数据"
        stroke="none"
        stroke-width="1"
      >
        <g
          id="Group-24"
        >
          <g
            fill="#EBEBEB"
            id="Group-22-Copy"
            transform="translate(132.348469, 38.348469) rotate(-345.000000) translate(-132.348469, -38.348469) translate(126.348469, 32.348469)"
          >
            <rect
              height="12"
              id="Rectangle-20"
              width="2"
              x="5"
              y="0"
            />
            <rect
              height="12"
              id="Rectangle-20"
              transform="translate(6.000000, 6.000000) rotate(-270.000000) translate(-6.000000, -6.000000) "
              width="2"
              x="5"
              y="0"
            />
          </g>
          <path
            d="M109.753799,26.5 L139.5,65.170061 L139.5,99.5 L0.5,99.5 L0.5,65.170061 L30.2462007,26.5 L109.753799,26.5 Z"
            fill="#FFFFFF"
            id="Combined-Shape"
            stroke="#CCCCCC"
          />
          <rect
            fill="#F5F5F5"
            height="4"
            id="Rectangle-58-Copy-3"
            stroke="#CCCCCC"
            width="29"
            x="55.5"
            y="85.5"
          />
          <path
            d="M107.75,29.5 L134,64.5 L119.5,64.5 L119.5,75.5 L20.5,75.5 L20.5,64.5 L6,64.5 L32.25,29.5 L107.75,29.5 Z"
            fill="#F5F5F5"
            id="Combined-Shape"
            stroke="#CCCCCC"
          />
          <g
            fill="#DDDDDD"
            id="Group-22-Copy-2"
            transform="translate(24.500000, 54.000000) rotate(48.000000) translate(-24.500000, -54.000000) translate(20.000000, 50.000000)"
          >
            <rect
              height="8"
              id="Rectangle-20"
              width="1"
              x="4"
              y="0"
            />
            <rect
              height="8"
              id="Rectangle-20"
              transform="translate(4.500000, 4.000000) rotate(-270.000000) translate(-4.500000, -4.000000) "
              width="1"
              x="4"
              y="0"
            />
          </g>
          <g
            id="Group-23"
            transform="translate(35.000000, 0.000000)"
          >
            <use
              fill="#FFFFFF"
              fill-opacity="0.8"
              href="#path-1"
              id="Rectangle-15"
              mask="url(#mask-2)"
              stroke="#CCCCCC"
              stroke-dasharray="2"
              stroke-width="2"
            />
            <g
              id="Group-9"
              transform="translate(35.000000, 22.000000)"
            >
              <g
                id="Group-5"
                transform="translate(0.000000, 0.344828)"
              >
                <mask
                  fill="white"
                  id="mask-4"
                >
                  <use
                    href="#path-3"
                  />
                </mask>
                <g
                  id="Clip-4"
                />
              </g>
            </g>
          </g>
          <path
            d="M125.663457,13.9307792 L125.420634,15.0503328 C125.163112,16.2376597 125.163112,17.4663961 125.420634,18.653723 L125.420634,18.653723 L125.663457,19.7732766 L124.707172,19.5556247 C123.465469,19.273011 122.176133,19.273011 120.93443,19.5556247 L120.93443,19.5556247 L119.978145,19.7732766 L120.220968,18.653723 C120.47849,17.4663961 120.47849,16.2376597 120.220968,15.0503328 L120.220968,15.0503328 L119.978145,13.9307792 L120.93443,14.1484312 C122.176133,14.4310448 123.465469,14.4310448 124.707172,14.1484312 L124.707172,14.1484312 L125.663457,13.9307792 Z"
            fill="#F5F5F5"
            id="Star"
            stroke="#CCCCCC"
            transform="translate(122.820801, 16.852028) rotate(-257.000000) translate(-122.820801, -16.852028) "
          />
          <path
            d="M23.6278897,2.37743716 L23.2224729,4.24664331 C22.9649506,5.43397018 22.9649506,6.66270663 23.2224729,7.85003351 L23.2224729,7.85003351 L23.6278897,9.71923966 L21.9398013,9.33502801 C20.6980983,9.05241437 19.4087618,9.05241437 18.1670587,9.33502801 L18.1670587,9.33502801 L16.4789704,9.71923966 L16.8843871,7.85003351 C17.1419094,6.66270663 17.1419094,5.43397018 16.8843871,4.24664331 L16.8843871,4.24664331 L16.4789704,2.37743716 L18.1670587,2.76164881 C19.4087618,3.04426245 20.6980983,3.04426245 21.9398013,2.76164881 L21.9398013,2.76164881 L23.6278897,2.37743716 Z"
            fill="#F5F5F5"
            id="Star-Copy"
            stroke="#CCCCCC"
            transform="translate(20.053430, 6.048338) rotate(-227.000000) translate(-20.053430, -6.048338) "
          />
        </g>
      </g>
    </svg>
  </div>
  <div
    class="ant-empty-description"
  >
    No Data
  </div>
</div>
`;
